<html>
<body>
<pre>
<h1>礦ision Build Log</h1>
<h2>Tool Versions:</h2>
IDE-Version: μVision V5.21.1.0
Copyright (C) 2016 ARM Ltd and ARM Germany GmbH. All rights reserved.
License Information: lin 2300402397@qq.com, c, LIC=----
 
Tool Versions:
Toolchain:       MDK-Lite  Version: 5.21a
Toolchain Path:  D:\keil5MDK\keil5\ARM\ARMCC\Bin
C Compiler:      Armcc.exe V5.06 update 3 (build 300)
Assembler:       Armasm.exe V5.06 update 3 (build 300)
Linker/Locator:  ArmLink.exe V5.06 update 3 (build 300)
Library Manager: ArmAr.exe V5.06 update 3 (build 300)
Hex Converter:   FromElf.exe V5.06 update 3 (build 300)
CPU DLL:         SARMCM3.DLL V5.21a
Dialog DLL:      DCM.DLL V1.13.8.0
Target DLL:      STLink\ST-LINKIII-KEIL_SWO.dll V2.0.18.0
Dialog DLL:      TCM.DLL V1.14.14.0
 
<h2>Project:</h2>
C:\Users\23004\Desktop\嵌入式大作业\Oximeter-master\MAX30102\Project\BH-F103.uvprojx
Project File Date:  01/07/2024

<h2>Output:</h2>
*** Using Compiler 'V5.06 update 3 (build 300)', folder: 'D:\keil5MDK\keil5\ARM\ARMCC\Bin'
Build target 'Project'
compiling blood.c...
..\User\PWM.h(6): warning:  #1295-D: Deprecated declaration PWM_On - give arg types
  void PWM_On();
..\User\PWM.h(7): warning:  #1295-D: Deprecated declaration PWM_Off - give arg types
  void PWM_Off();
..\User\blood.c(233): warning:  #223-D: function "Delay_ms" declared implicitly
  			Delay_ms(10);
..\User\blood.c(238): warning:  #223-D: function "Delay_ms" declared implicitly
  			Delay_ms(10);
..\User\blood.c(240): warning:  #223-D: function "Delay_ms" declared implicitly
  		Delay_ms(1000);
..\User\blood.c(249): warning:  #223-D: function "Delay_ms" declared implicitly
  	Delay_ms(10);
..\User\blood.c: 6 warnings, 0 errors
linking...
Program Size: Code=12436 RO-data=7788 RW-data=76 ZI-data=10500  
FromELF: creating hex file...
".\Objects\BH-F103.axf" - 0 Error(s), 6 Warning(s).

<h2>Collection of Component include folders:</h2>
  C:\Users\23004\Desktop\嵌入式大作业\Oximeter-master\MAX30102\Project\RTE
  D:\keil5MDK\keil5\ARM\PACK\Keil\STM32F1xx_DFP\2.2.0\Device\Include

<h2>Collection of Component Files used:</h2>
Build Time Elapsed:  00:00:01
</pre>
</body>
</html>
